[19:26:15][mappo][INFO] Starting MAPPO Training
[19:26:17][mappo][INFO] New best model saved (Reward: -45.66)
[19:26:19][mappo][INFO] New best model saved (Reward: -44.97)
[19:26:21][mappo][INFO] New best model saved (Reward: -44.30)
[19:26:25][mappo][INFO] Ep   5 | Reward:  -46.93 | Loss:  0.095 / 12.310
[19:26:27][mappo][INFO] New best model saved (Reward: -43.10)
[19:26:31][mappo][INFO] New best model saved (Reward: -39.91)
[19:26:35][mappo][INFO] Ep  10 | Reward:  -38.22 | Loss: -0.050 /  9.637
[19:26:35][mappo][INFO] New best model saved (Reward: -38.22)
[19:26:46][mappo][INFO] Ep  15 | Reward:  -39.46 | Loss: -0.035 /  9.935
[19:26:56][mappo][INFO] Ep  20 | Reward:  -40.61 | Loss: -0.027 /  9.477
[19:27:07][mappo][INFO] Ep  25 | Reward:  -40.27 | Loss: -0.028 /  9.072
[19:27:18][mappo][INFO] Ep  30 | Reward:  -39.92 | Loss: -0.039 / 11.668
[19:27:53][mappo][INFO] Starting MAPPO Training
[19:27:55][mappo][INFO] New best model saved (Reward: -45.66)
[19:27:57][mappo][INFO] New best model saved (Reward: -44.97)
[19:27:59][mappo][INFO] New best model saved (Reward: -44.30)
[19:28:03][mappo][INFO] Ep   5 | Reward:  -46.93 | Loss:  0.095 / 12.310
[19:28:05][mappo][INFO] New best model saved (Reward: -43.10)
[19:28:10][mappo][INFO] New best model saved (Reward: -39.91)
[19:28:14][mappo][INFO] Ep  10 | Reward:  -38.22 | Loss: -0.050 /  9.637
[19:28:14][mappo][INFO] New best model saved (Reward: -38.22)
[19:28:25][mappo][INFO] Ep  15 | Reward:  -39.46 | Loss: -0.035 /  9.935
[19:28:35][mappo][INFO] Ep  20 | Reward:  -40.61 | Loss: -0.027 /  9.477
[19:28:45][mappo][INFO] Ep  25 | Reward:  -40.27 | Loss: -0.028 /  9.072
[19:28:55][mappo][INFO] Ep  30 | Reward:  -39.92 | Loss: -0.039 / 11.668
[19:29:05][mappo][INFO] Ep  35 | Reward:  -44.15 | Loss:  0.041 / 13.554
[19:29:15][mappo][INFO] Ep  40 | Reward:  -46.09 | Loss:  0.194 / 17.185
[19:29:25][mappo][INFO] Ep  45 | Reward:  -40.72 | Loss: -0.013 / 12.420
[19:29:34][mappo][INFO] Ep  50 | Reward:  -40.31 | Loss: -0.012 / 10.039
[19:29:34][mappo][INFO] Early stopping triggered after 50 episodes.
[19:29:34][mappo][INFO] Training complete.
